[codemirror.net/index.html]
[backblue.gif]
[fade.gif]
[index.html]
[codemirror.net/style/logo.svg]
[codemirror.net/style/site.css]
[codemirror.net/examples/index.html]
[codemirror.net/demo.js]
[codemirror.net/codemirror.js]
[codemirror.net/docs/index.html]
[codemirror.net/try/index.html]
[codemirror.net/style/logo/desmos.svg]
[codemirror.net/style/logo/holmusk.svg]
[codemirror.net/style/logo/replit.svg]
[codemirror.net/style/logo/sourcegraph.svg]
[codemirror.net/5/index.html]
[codemirror.net/style/logo/wikimedia.svg]
[codemirror.net/style/logo/airplane.svg]
[codemirror.net/style/logo/cargo.svg]
[codemirror.net/style/logo/codepen.svg]
[codemirror.net/style/logo/dataiku.png]
[codemirror.net/style/logo/labware.png]
[codemirror.net/style/logo/overleaf.png]
[codemirror.net/docs/ref/index.html]
[codemirror.net/style/logo/prisma.svg]
[codemirror.net/examples/lang-package/index.html]
[codemirror.net/style/logo/rockset.svg]
[codemirror.net/style/logo/4me.svg]
[codemirror.net/style/logo/anvil.svg]
[codemirror.net/style/logo/artcompiler.svg]
[codemirror.net/style/logo/basedash.svg]
[codemirror.net/style/logo/buildkite.png]
[codemirror.net/examples/autocompletion/index.html]
[codemirror.net/style/logo/executeprogram.svg]
[codemirror.net/style/logo/jetbrains.svg]
[codemirror.net/style/logo/nuclino.png]
[codemirror.net/style/logo/obsidian.svg]
[codemirror.net/style/logo/pobox.png]
[codemirror.net/docs/guide/index.html]
[codemirror.net/examples/million/index.html]
[codemirror.net/style/logo/primo.svg]
[codemirror.net/style/logo/resources.png]
[codemirror.net/style/logo/route4me.svg]
[codemirror.net/examples/decoration/index.html]
[codemirror.net/style/logo/superhi.png]
[codemirror.net/style/logo/supernotes.png]
[codemirror.net/style/logo/system-init.svg]
[codemirror.net/style/logo/uibakery.svg]
[codemirror.net/examples/styling/index.html]
[codemirror.net/index.html]
[codemirror.net/style/logo.svg]
[codemirror.net/style/logo/val.svg]
[codemirror.net/examples/translate/index.html]
[codemirror.net/examples/collab/index.html]
[codemirror.net/examples/ie11/index.html]
[codemirror.net/docs/community/index.html]
[codemirror.net/style/font/merriweather_bold.woff2]
[codemirror.net/style/font/source_sans.woff2]
[codemirror.net/style/font/source_sans_semibold.woff2]
[codemirror.net/style/site.css]
[codemirror.net/examples/index.html]
[codemirror.net/docs/index.html]
[codemirror.net/style/font/source_sans_italic.woff2]
[codemirror.net/examples/bundle/index.html]
[codemirror.net/examples/config/index.html]
[codemirror.net/examples/tab/index.html]
[codemirror.net/examples/mixed-language/index.html]
[codemirror.net/try/index.html]
[codemirror.net/try/try.js]
[codemirror.net/examples/selection/index.html]
[codemirror.net/examples/change/index.html]
[codemirror.net/examples/bidi/index.html]
[codemirror.net/examples/inverted-effect/index.html]
[codemirror.net/5/lib/codemirror.css]
[codemirror.net/examples/split/index.html]
[codemirror.net/5/doc/docs.css]
[codemirror.net/examples/zebra/index.html]
[codemirror.net/examples/gutter/index.html]
[codemirror.net/5/lib/codemirror.js]
[codemirror.net/5/mode/xml/xml.js]
[codemirror.net/examples/panel/index.html]
[codemirror.net/5/mode/javascript/javascript.js]
[codemirror.net/examples/tooltip/index.html]
[codemirror.net/5/mode/css/css.js]
[codemirror.net/5/mode/htmlmixed/htmlmixed.js]
[codemirror.net/5/addon/edit/matchbrackets.js]
[codemirror.net/examples/lint/index.html]
[codemirror.net/5/doc/activebookmark.js]
[codemirror.net/5/doc/logo.png]
[codemirror.net/docs/extensions/index.html]
[codemirror.net/5/doc/manual.html]
[codemirror.net/5/mode/index.html]
[codemirror.net/docs/migration/index.html]
[codemirror.net/5/demo/complete.html]
[codemirror.net/5/demo/folding.html]
[codemirror.net/5/demo/theme.html]
[codemirror.net/5/mode/htmlmixed/index.html]
[codemirror.net/5/demo/bidi.html]
[codemirror.net/docs/changelog/index.html]
[codemirror.net/5/demo/variableheight.html]
[codemirror.net/5/demo/search.html]
[codemirror.net/5/demo/vim.html]
[codemirror.net/5/demo/emacs.html]
[codemirror.net/5/demo/sublime.html]
[codemirror.net/5/demo/tern.html]
[codemirror.net/5/demo/merge.html]
[codemirror.net/5/demo/fullscreen.html]
[codemirror.net/5/demo/simplescrollbars.html]
[codemirror.net/5/doc/releases.html]
[codemirror.net/5/demo/xmlcomplete.html]
[codemirror.net/5/demo/buffers.html]
[codemirror.net/5/codemirror.zip]
[codemirror.net/5/demo/resize.html]
[codemirror.net/5/demo/marker.html]
[codemirror.net/5/LICENSE]
[codemirror.net/5/doc/realworld.html]
[codemirror.net/5/index.html]
[codemirror.net/5/doc/reporting.html]
[codemirror.net/docs/ref/index.html]
[codemirror.net/docs/ref/ref.js]
[codemirror.net/examples/lang-package/index.html]
[codemirror.net/examples/lang-package/index.js]
[codemirror.net/examples/autocompletion/index.html]
[codemirror.net/examples/autocompletion/autocompletion.js]
[codemirror.net/docs/guide/index.html]
[codemirror.net/examples/million/index.html]
[codemirror.net/examples/million/million.js]
[codemirror.net/examples/decoration/underline.js]
[codemirror.net/examples/decoration/checkbox.js]
[codemirror.net/examples/decoration/index.html]
[codemirror.net/examples/styling/index.html]
[codemirror.net/examples/decoration/placeholder.js]
[codemirror.net/examples/collab/index.html]
[codemirror.net/examples/collab/collab.js]
[codemirror.net/examples/translate/index.html]
[codemirror.net/examples/ie11/index.html]
[codemirror.net/docs/community/index.html]
[codemirror.net/style/logo/desmos.svg]
[codemirror.net/style/logo/holmusk.svg]
[codemirror.net/style/logo/replit.svg]
[codemirror.net/style/logo/sourcegraph.svg]
[codemirror.net/style/logo/wikimedia.svg]
[codemirror.net/style/logo/airplane.svg]
[codemirror.net/style/logo/cargo.svg]
[codemirror.net/style/logo/codepen.svg]
[codemirror.net/style/logo/prisma.svg]
[codemirror.net/style/logo/rockset.svg]
[codemirror.net/style/logo/4me.svg]
[codemirror.net/style/logo/anvil.svg]
[codemirror.net/style/logo/artcompiler.svg]
[codemirror.net/style/logo/basedash.svg]
[codemirror.net/style/logo/executeprogram.svg]
[codemirror.net/style/logo/jetbrains.svg]
[codemirror.net/style/logo/obsidian.svg]
[codemirror.net/style/logo/primo.svg]
[codemirror.net/style/logo/route4me.svg]
[codemirror.net/style/logo/system-init.svg]
[codemirror.net/style/logo/uibakery.svg]
[codemirror.net/style/logo/val.svg]
[codemirror.net/examples/bundle/index.html]
[codemirror.net/examples/translate/translate.js]
[codemirror.net/examples/config/index.html]
[codemirror.net/examples/config/language.js]
[codemirror.net/examples/tab/index.html]
[codemirror.net/examples/tab/tab.js]
[codemirror.net/examples/mixed-language/twig.grammar.txt]
[codemirror.net/examples/mixed-language/index.html]
[codemirror.net/examples/selection/index.html]
[codemirror.net/examples/change/index.html]
[codemirror.net/examples/mixed-language/mixed.js]
[codemirror.net/examples/bidi/index.html]
[codemirror.net/examples/bidi/bidi.js]
[codemirror.net/examples/inverted-effect/index.html]
[codemirror.net/examples/inverted-effect/inverted-effect.js]
[codemirror.net/examples/split/index.html]
[codemirror.net/examples/split/split.js]
[codemirror.net/examples/zebra/index.html]
[codemirror.net/examples/zebra/zebra.js]
[codemirror.net/examples/gutter/index.html]
[codemirror.net/examples/gutter/gutters.js]
[codemirror.net/examples/panel/help-panel.js]
[codemirror.net/examples/panel/index.html]
[codemirror.net/examples/panel/word-count.js]
[codemirror.net/examples/tooltip/tooltip.js]
[codemirror.net/examples/tooltip/index.html]
[codemirror.net/examples/tooltip/hover.js]
[codemirror.net/examples/lint/index.html]
[codemirror.net/docs/extensions/index.html]
[codemirror.net/docs/migration/index.html]
[codemirror.net/docs/changelog/index.html]
[codemirror.net/5/lib/codemirror.css]
[codemirror.net/examples/lint/lint.js]
[codemirror.net/5/doc/docs.css]
[codemirror.net/5/doc/source_sans.woff]
[codemirror.net/5/addon/runmode/runmode.js]
[codemirror.net/5/addon/runmode/colorize.js]
[codemirror.net/5/index-2.html]
[codemirror.net/5/addon/dialog/dialog.js]
[codemirror.net/5/mode/index-2.html]
[codemirror.net/5/addon/search/searchcursor.js]
[codemirror.net/5/addon/search/search.js]
[codemirror.net/5/addon/search/jump-to-line.js]
[codemirror.net/5/addon/search/matchesonscrollbar.js]
[codemirror.net/5/addon/search/matchesonscrollbar.css]
[codemirror.net/5/addon/edit/closebrackets.js]
[codemirror.net/5/theme/index.html]
[codemirror.net/5/demo/closebrackets.html]
[codemirror.net/5/addon/edit/matchtags.js]
[codemirror.net/5/demo/matchtags.html]
[codemirror.net/5/addon/edit/trailingspace.js]
[codemirror.net/5/keymap/index.html]
[codemirror.net/5/demo/trailingspace.html]
[codemirror.net/5/addon/edit/closetag.js]
[codemirror.net/5/demo/closetag.html]
[codemirror.net/5/addon/edit/continuelist.js]
[codemirror.net/5/mode/markdown/index.html]
[codemirror.net/5/addon/comment/comment.js]
[codemirror.net/5/addon/fold/foldcode.js]
[codemirror.net/5/addon/fold/foldgutter.js]
[codemirror.net/5/addon/fold/index.html]
[codemirror.net/5/addon/fold/foldgutter.css]
[codemirror.net/5/demo/runmode.html]
[codemirror.net/5/addon/runmode/runmode-standalone.js]
[codemirror.net/5/addon/runmode/runmode.node.js]
[codemirror.net/5/addon/mode/overlay.js]
[codemirror.net/5/demo/mustache.html]
[codemirror.net/5/addon/mode/multiplex.js]
[codemirror.net/5/demo/multiplex.html]
[codemirror.net/5/addon/hint/show-hint.js]
[codemirror.net/5/addon/hint/javascript-hint.js]
[codemirror.net/5/addon/hint/xml-hint.js]
[codemirror.net/5/addon/hint/html-hint.js]
[codemirror.net/5/demo/html5complete.html]
[codemirror.net/5/addon/hint/css-hint.js]
[codemirror.net/5/addon/hint/anyword-hint.js]
[codemirror.net/5/addon/hint/sql-hint.js]
[codemirror.net/5/addon/search/match-highlighter.js]
[codemirror.net/5/demo/matchhighlighter.html]
[codemirror.net/5/addon/lint/lint.js]
[codemirror.net/5/addon/lint/html-lint.js]
[codemirror.net/5/addon/lint/json-lint.js]
[codemirror.net/5/addon/lint/javascript-lint.js]
[codemirror.net/5/addon/lint/coffeescript-lint.js]
[codemirror.net/5/addon/lint/css-lint.js]
[codemirror.net/5/demo/lint.html]
[codemirror.net/5/addon/selection/mark-selection.js]
[codemirror.net/5/demo/markselection.html]
[codemirror.net/5/addon/selection/active-line.js]
[codemirror.net/5/demo/activeline.html]
[codemirror.net/5/addon/selection/selection-pointer.js]
[codemirror.net/5/addon/mode/loadmode.js]
[codemirror.net/5/demo/loadmode.html]
[codemirror.net/5/mode/meta.js]
[codemirror.net/5/addon/comment/continuecomment.js]
[codemirror.net/5/addon/display/placeholder.js]
[codemirror.net/5/demo/placeholder.html]
[codemirror.net/5/addon/display/fullscreen.js]
[codemirror.net/5/addon/display/fullscreen.css]
[codemirror.net/5/addon/display/autorefresh.js]
[codemirror.net/5/addon/scroll/simplescrollbars.js]
[codemirror.net/5/addon/scroll/simplescrollbars.css]
[codemirror.net/5/addon/scroll/annotatescrollbar.js]
[codemirror.net/5/addon/display/rulers.js]
[codemirror.net/5/demo/rulers.html]
[codemirror.net/5/addon/display/panel.js]
[codemirror.net/5/demo/panel.html]
[codemirror.net/5/addon/wrap/hardwrap.js]
[codemirror.net/5/demo/hardwrap.html]
[codemirror.net/5/addon/scroll/scrollpastend.js]
[codemirror.net/5/addon/merge/merge.js]
[codemirror.net/5/addon/tern/tern.js]
[codemirror.net/5/demo/simplemode.html]
[codemirror.net/5/mode/diff/diff.js]
[codemirror.net/5/mode/clike/clike.js]
[codemirror.net/5/keymap/vim.js]
[codemirror.net/5/doc/manual.html]
[github.com/codemirror/codemirror5/blob/b2d26b4ccb1d0994ae84d18ad8b84018de176da9/keymap/vim.html]
[codemirror.net/5/mode/apl/index.html]
[codemirror.net/5/mode/asn.1/index.html]
[codemirror.net/5/mode/asterisk/index.html]
[codemirror.net/5/mode/brainfuck/index.html]
[codemirror.net/5/mode/clike/index.html]
[codemirror.net/5/mode/clojure/index.html]
[codemirror.net/5/mode/css/gss.html]
[codemirror.net/5/mode/cmake/index.html]
[codemirror.net/5/mode/cobol/index.html]
[codemirror.net/5/mode/coffeescript/index.html]
[codemirror.net/5/mode/commonlisp/index.html]
[codemirror.net/5/mode/crystal/index.html]
[codemirror.net/5/mode/css/index.html]
[codemirror.net/5/mode/cypher/index.html]
[codemirror.net/5/mode/python/index.html]
[codemirror.net/5/mode/d/index.html]
[codemirror.net/5/mode/dart/index.html]
[codemirror.net/5/mode/django/index.html]
[codemirror.net/5/mode/dockerfile/index.html]
[codemirror.net/5/mode/diff/index.html]
[codemirror.net/5/mode/dtd/index.html]
[codemirror.net/5/mode/dylan/index.html]
[codemirror.net/5/mode/ebnf/index.html]
[codemirror.net/5/mode/ecl/index.html]
[codemirror.net/5/mode/eiffel/index.html]
[codemirror.net/5/mode/elm/index.html]
[codemirror.net/5/mode/erlang/index.html]
[codemirror.net/5/mode/factor/index.html]
[codemirror.net/5/mode/fcl/index.html]
[codemirror.net/5/mode/forth/index.html]
[codemirror.net/5/mode/fortran/index.html]
[codemirror.net/5/mode/mllike/index.html]
[codemirror.net/5/mode/gas/index.html]
[codemirror.net/5/mode/gherkin/index.html]
[codemirror.net/5/mode/go/index.html]
[codemirror.net/5/mode/groovy/index.html]
[codemirror.net/5/mode/haml/index.html]
[codemirror.net/5/mode/handlebars/index.html]
[codemirror.net/5/mode/haskell/index.html]
[codemirror.net/5/mode/haskell-literate/index.html]
[codemirror.net/5/mode/haxe/index.html]
[codemirror.net/5/mode/htmlembedded/index.html]
[codemirror.net/5/mode/http/index.html]
[codemirror.net/5/mode/idl/index.html]
[codemirror.net/5/mode/javascript/index.html]
[codemirror.net/5/mode/jsx/index.html]
[codemirror.net/5/mode/jinja2/index.html]
[codemirror.net/5/mode/julia/index.html]
[codemirror.net/5/mode/css/less.html]
[codemirror.net/5/mode/livescript/index.html]
[codemirror.net/5/mode/lua/index.html]
[codemirror.net/5/mode/gfm/index.html]
[codemirror.net/5/mode/mathematica/index.html]
[codemirror.net/5/mode/mbox/index.html]
[codemirror.net/5/mode/mirc/index.html]
[codemirror.net/5/mode/modelica/index.html]
[codemirror.net/5/mode/mscgen/index.html]
[codemirror.net/5/mode/mumps/index.html]
[codemirror.net/5/mode/nginx/index.html]
[codemirror.net/5/mode/nsis/index.html]
[codemirror.net/5/mode/ntriples/index.html]
[codemirror.net/5/mode/octave/index.html]
[codemirror.net/5/mode/oz/index.html]
[codemirror.net/5/mode/pascal/index.html]
[codemirror.net/5/mode/pegjs/index.html]
[codemirror.net/5/mode/perl/index.html]
[codemirror.net/5/mode/asciiarmor/index.html]
[codemirror.net/5/mode/php/index.html]
[codemirror.net/5/mode/pig/index.html]
[codemirror.net/5/mode/powershell/index.html]
[codemirror.net/5/mode/properties/index.html]
[codemirror.net/5/mode/protobuf/index.html]
[codemirror.net/5/mode/pug/index.html]
[codemirror.net/5/mode/puppet/index.html]
[codemirror.net/5/mode/q/index.html]
[codemirror.net/5/mode/r/index.html]
[codemirror.net/5/mode/rpm/index.html]
[codemirror.net/5/mode/rst/index.html]
[codemirror.net/5/mode/ruby/index.html]
[codemirror.net/5/mode/rust/index.html]
[codemirror.net/5/mode/sas/index.html]
[codemirror.net/5/mode/sass/index.html]
[codemirror.net/5/mode/spreadsheet/index.html]
[codemirror.net/5/mode/clike/scala.html]
[codemirror.net/5/mode/scheme/index.html]
[codemirror.net/5/mode/css/scss.html]
[codemirror.net/5/mode/shell/index.html]
[codemirror.net/5/mode/sieve/index.html]
[codemirror.net/5/mode/slim/index.html]
[codemirror.net/5/mode/smalltalk/index.html]
[codemirror.net/5/mode/smarty/index.html]
[codemirror.net/5/mode/solr/index.html]
[codemirror.net/5/mode/soy/index.html]
[codemirror.net/5/mode/stylus/index.html]
[codemirror.net/5/mode/sql/index.html]
[codemirror.net/5/mode/sparql/index.html]
[codemirror.net/5/mode/swift/index.html]
[codemirror.net/5/mode/stex/index.html]
[codemirror.net/5/mode/tcl/index.html]
[codemirror.net/5/mode/textile/index.html]
[codemirror.net/5/mode/tiddlywiki/index.html]
[codemirror.net/5/mode/tiki/index.html]
[codemirror.net/5/mode/toml/index.html]
[codemirror.net/5/mode/tornado/index.html]
[codemirror.net/5/mode/troff/index.html]
[codemirror.net/5/mode/ttcn/index.html]
[codemirror.net/5/mode/ttcn-cfg/index.html]
[codemirror.net/5/mode/turtle/index.html]
[codemirror.net/5/mode/twig/index.html]
[codemirror.net/5/mode/vb/index.html]
[codemirror.net/5/mode/vbscript/index.html]
[codemirror.net/5/mode/velocity/index.html]
[codemirror.net/5/mode/verilog/index.html]
[codemirror.net/5/mode/vhdl/index.html]
[codemirror.net/5/mode/vue/index.html]
[codemirror.net/5/mode/webidl/index.html]
[codemirror.net/5/mode/wast/index.html]
[codemirror.net/5/mode/xml/index.html]
[codemirror.net/5/mode/xquery/index.html]
[codemirror.net/5/mode/yacas/index.html]
[codemirror.net/5/mode/yaml/index.html]
[codemirror.net/5/mode/yaml-frontmatter/index.html]
[codemirror.net/5/mode/index.html]
[codemirror.net/5/mode/z80/index.html]
[codemirror.net/5/addon/hint/show-hint.css]
[codemirror.net/5/mode/markdown/markdown.js]
[codemirror.net/5/demo/complete.html]
[codemirror.net/5/addon/fold/brace-fold.js]
[codemirror.net/5/addon/fold/xml-fold.js]
[codemirror.net/5/addon/fold/indent-fold.js]
[codemirror.net/5/addon/fold/markdown-fold.js]
[codemirror.net/5/addon/fold/comment-fold.js]
[codemirror.net/5/mode/python/python.js]
[codemirror.net/5/demo/folding.html]
[codemirror.net/5/theme/3024-day.css]
[codemirror.net/5/theme/3024-night.css]
[codemirror.net/5/theme/abbott.css]
[codemirror.net/5/theme/abcdef.css]
[codemirror.net/5/theme/ambiance.css]
[codemirror.net/5/theme/ayu-dark.css]
[codemirror.net/5/theme/ayu-mirage.css]
[codemirror.net/5/theme/base16-dark.css]
[codemirror.net/5/theme/bespin.css]
[codemirror.net/5/theme/base16-light.css]
[codemirror.net/5/theme/blackboard.css]
[codemirror.net/5/theme/cobalt.css]
[codemirror.net/5/theme/colorforth.css]
[codemirror.net/5/theme/dracula.css]
[codemirror.net/5/theme/duotone-dark.css]
[codemirror.net/5/theme/duotone-light.css]
[codemirror.net/5/theme/eclipse.css]
[codemirror.net/5/theme/elegant.css]
[codemirror.net/5/theme/erlang-dark.css]
[codemirror.net/5/theme/gruvbox-dark.css]
[codemirror.net/5/theme/hopscotch.css]
[codemirror.net/5/theme/icecoder.css]
[codemirror.net/5/theme/isotope.css]
[codemirror.net/5/theme/juejin.css]
[codemirror.net/5/theme/lesser-dark.css]
[codemirror.net/5/theme/liquibyte.css]
[codemirror.net/5/theme/lucario.css]
[codemirror.net/5/theme/material.css]
[codemirror.net/5/theme/material-darker.css]
[codemirror.net/5/theme/material-palenight.css]
[codemirror.net/5/theme/material-ocean.css]
[codemirror.net/5/theme/mbo.css]
[codemirror.net/5/theme/mdn-like.css]
[codemirror.net/5/theme/midnight.css]
[codemirror.net/5/theme/monokai.css]
[codemirror.net/5/theme/moxer.css]
[codemirror.net/5/theme/neat.css]
[codemirror.net/5/theme/neo.css]
[codemirror.net/5/theme/night.css]
[codemirror.net/5/theme/nord.css]
[codemirror.net/5/theme/oceanic-next.css]
[codemirror.net/5/theme/panda-syntax.css]
[codemirror.net/5/theme/paraiso-dark.css]
[codemirror.net/5/theme/paraiso-light.css]
[codemirror.net/5/theme/pastel-on-dark.css]
[codemirror.net/5/theme/railscasts.css]
[codemirror.net/5/theme/rubyblue.css]
[codemirror.net/5/theme/seti.css]
[codemirror.net/5/theme/shadowfox.css]
[codemirror.net/5/theme/solarized.css]
[codemirror.net/5/theme/the-matrix.css]
[codemirror.net/5/theme/tomorrow-night-bright.css]
[codemirror.net/5/theme/tomorrow-night-eighties.css]
[codemirror.net/5/theme/ttcn.css]
[codemirror.net/5/theme/twilight.css]
[codemirror.net/5/theme/vibrant-ink.css]
[codemirror.net/5/theme/xq-dark.css]
[codemirror.net/5/theme/xq-light.css]
[codemirror.net/5/theme/yeti.css]
[codemirror.net/5/theme/idea.css]
[codemirror.net/5/theme/darcula.css]
[codemirror.net/5/theme/yonce.css]
[codemirror.net/5/theme/zenburn.css]
[codemirror.net/5/demo/theme.html]
[codemirror.net/5/mode/vbscript/vbscript.js]
[codemirror.net/5/mode/htmlmixed/index.html]
[codemirror.net/5/demo/bidi.html]
[codemirror.net/5/demo/variableheight.html]
[codemirror.net/5/addon/dialog/dialog.css]
[codemirror.net/5/demo/search.html]
[codemirror.net/5/demo/vim.html]
[codemirror.net/5/keymap/emacs.js]
[codemirror.net/5/demo/emacs.html]
[codemirror.net/5/keymap/sublime.js]
[codemirror.net/5/demo/sublime.html]
[codemirror.net/5/addon/tern/tern.css]
[unpkg.com/acorn@8.12.0/dist/acorn.js]
[unpkg.com/acorn-loose@8.4.0/dist/acorn-loose.js]
[unpkg.com/acorn-walk@8.3.3/dist/walk.js]
[ternjs.net/doc/demo/polyfill.js]
[unpkg.com/tern@0.24.3/lib/signal.js]
[unpkg.com/tern@0.24.3/lib/tern.js]
[unpkg.com/tern@0.24.3/lib/def.js]
[unpkg.com/tern@0.24.3/lib/comment.js]
[unpkg.com/tern@0.24.3/lib/infer.js]
[unpkg.com/tern@0.24.3/plugin/doc_comment.js]
[codemirror.net/5/demo/get]
[codemirror.net/5/demo/tern.html]
[codemirror.net/5/addon/merge/merge.css]
[cdnjs.cloudflare.com/ajax/libs/diff_match_patch/20121119/diff_match_patch.js]
[codemirror.net/5/demo/merge.html]
[codemirror.net/5/demo/fullscreen.html]
[codemirror.net/5/demo/simplescrollbars.html]
[codemirror.net/5/demo/codemirror/index.html]
[codemirror.net/5/codemirror-5.65.16.zip]
[codemirror.net/5/mode/go/index-2.html]
[codemirror.net/5/codemirror-5.65.15.zip]
[codemirror.net/5/mode/yaml/index-2.html]
[codemirror.net/5/mode/clike/index-2.html]
[codemirror.net/5/codemirror-5.65.14.zip]
[codemirror.net/5/codemirror-5.65.12.zip]
[codemirror.net/5/mode/python/index-2.html]
[codemirror.net/5/codemirror-5.65.13.zip]
[codemirror.net/5/codemirror-5.65.11.zip]
[codemirror.net/5/codemirror-5.65.9.zip]
[codemirror.net/5/codemirror-5.65.7.zip]
[codemirror.net/5/codemirror-5.65.10.zip]
[codemirror.net/5/codemirror-5.65.8.zip]
[codemirror.net/5/codemirror-5.65.6.zip]
[codemirror.net/5/mode/swift/index-2.html]
[codemirror.net/5/codemirror-5.65.5.zip]
[codemirror.net/5/codemirror-5.65.4.zip]
[codemirror.net/5/codemirror-5.65.3.zip]
[codemirror.net/5/codemirror-5.65.2.zip]
[codemirror.net/5/codemirror-5.65.1.zip]
[codemirror.net/5/mode/jinja2/index-2.html]
[codemirror.net/5/codemirror-5.64.0.zip]
[codemirror.net/5/codemirror-5.65.0.zip]
[codemirror.net/5/codemirror-5.63.3.zip]
[codemirror.net/5/codemirror-5.63.1.zip]
[codemirror.net/5/mode/xml/index-2.html]
[codemirror.net/5/codemirror-5.63.0.zip]
[codemirror.net/5/codemirror-5.62.3.zip]
[codemirror.net/5/codemirror-5.62.2.zip]
[codemirror.net/5/mode/julia/index-2.html]
[codemirror.net/5/codemirror-5.62.1.zip]
[codemirror.net/5/codemirror-5.62.0.zip]
[codemirror.net/5/codemirror-5.61.1.zip]
[codemirror.net/5/mode/javascript/index-2.html]
[codemirror.net/5/codemirror-5.61.0.zip]
[codemirror.net/5/codemirror-5.59.4.zip]
[codemirror.net/5/codemirror-5.60.0.zip]
[codemirror.net/5/codemirror-5.59.2.zip]
[codemirror.net/5/codemirror-5.59.3.zip]
[codemirror.net/5/codemirror-5.59.0.zip]
[codemirror.net/5/codemirror-5.58.3.zip]
[codemirror.net/5/demo/search/index.html]
[codemirror.net/5/codemirror-5.59.1.zip]
[codemirror.net/5/codemirror-5.58.1.zip]
[codemirror.net/5/codemirror-5.58.2.zip]
[codemirror.net/5/mode/soy/index-2.html]
[codemirror.net/5/codemirror-5.58.0.zip]
[codemirror.net/5/codemirror-5.57.0.zip]
[codemirror.net/5/mode/shell/index-2.html]
[codemirror.net/5/codemirror-5.56.0.zip]
[codemirror.net/5/mode/css/index-2.html]
[codemirror.net/5/codemirror-5.54.0.zip]
[codemirror.net/5/codemirror-5.53.2.zip]
[codemirror.net/5/codemirror-5.55.0.zip]
[codemirror.net/5/codemirror-5.53.0.zip]
[codemirror.net/5/codemirror-5.52.2.zip]
[codemirror.net/5/mode/wast/index-2.html]
[codemirror.net/5/codemirror-5.52.0.zip]
[codemirror.net/5/mode/gfm/index-2.html]
[codemirror.net/5/mode/markdown/index-2.html]
[codemirror.net/5/codemirror-5.51.0.zip]
[codemirror.net/5/codemirror-5.50.2.zip]
[codemirror.net/5/codemirror-5.50.0.zip]
[codemirror.net/5/codemirror-5.49.2.zip]
[codemirror.net/5/codemirror-5.49.0.zip]
[codemirror.net/5/mode/handlebars/index-2.html]
[codemirror.net/5/mode/elm/index-2.html]
[codemirror.net/5/mode/sql/index-2.html]
[codemirror.net/5/codemirror-5.48.4.zip]
[codemirror.net/5/codemirror-5.48.0.zip]
[codemirror.net/5/codemirror-5.48.2.zip]
[codemirror.net/5/mode/asterisk/index-2.html]
[codemirror.net/5/codemirror-5.47.0.zip]
[codemirror.net/5/codemirror-5.46.0.zip]
[codemirror.net/5/mode/ruby/index-2.html]
[codemirror.net/5/codemirror-5.44.0.zip]
[codemirror.net/5/codemirror-5.43.0.zip]
[codemirror.net/5/codemirror-5.42.2.zip]
[codemirror.net/5/codemirror-5.45.0.zip]
[codemirror.net/5/codemirror-5.42.0.zip]
[codemirror.net/5/codemirror-5.41.0.zip]
[codemirror.net/5/codemirror-5.40.2.zip]
[codemirror.net/5/codemirror-5.40.0.zip]
[codemirror.net/5/codemirror-5.39.0.zip]
[codemirror.net/5/mode/stex/index-2.html]
[codemirror.net/5/codemirror-5.39.2.zip]
[codemirror.net/5/codemirror-5.37.0.zip]
[codemirror.net/5/codemirror-5.36.0.zip]
[codemirror.net/5/codemirror-5.34.0.zip]
[codemirror.net/5/codemirror-5.35.0.zip]
[codemirror.net/5/mode/haskell/index-2.html]
[codemirror.net/5/codemirror-5.38.0.zip]
[codemirror.net/5/mode/dockerfile/index-2.html]
[codemirror.net/5/codemirror-5.33.0.zip]
[codemirror.net/5/codemirror-5.32.0.zip]
[codemirror.net/5/codemirror-5.31.0.zip]
[codemirror.net/5/codemirror-5.30.0.zip]
[codemirror.net/5/codemirror-5.29.0.zip]
[codemirror.net/5/codemirror-5.28.0.zip]
[codemirror.net/5/codemirror-5.27.4.zip]
[codemirror.net/5/mode/d/index-2.html]
[codemirror.net/5/codemirror-5.27.2.zip]
[codemirror.net/5/codemirror-5.27.0.zip]
[codemirror.net/5/codemirror-5.26.0.zip]
[codemirror.net/5/codemirror-5.25.2.zip]
[codemirror.net/5/mode/rust/index-2.html]
[codemirror.net/5/codemirror-5.25.0.zip]
[codemirror.net/5/codemirror-5.24.2.zip]
[codemirror.net/5/codemirror-5.24.0.zip]
[codemirror.net/5/codemirror-5.23.0.zip]
[codemirror.net/5/mode/r/index-2.html]
[codemirror.net/5/codemirror-5.22.0.zip]
[codemirror.net/5/mode/sass/index-2.html]
[codemirror.net/5/codemirror-5.21.0.zip]
[codemirror.net/5/mode/verilog/index-2.html]
[codemirror.net/5/codemirror-5.20.0.zip]
[codemirror.net/5/codemirror-5.19.0.zip]
[codemirror.net/5/mode/erlang/index-2.html]
[codemirror.net/5/mode/vue/index-2.html]
[codemirror.net/5/codemirror-5.18.0.zip]
[codemirror.net/5/codemirror-5.18.2.zip]
[codemirror.net/5/mode/pug/index-2.html]
[codemirror.net/5/codemirror-5.17.0.zip]
[codemirror.net/5/codemirror-5.16.0.zip]
[codemirror.net/5/codemirror-5.15.2.zip]
[codemirror.net/5/codemirror-5.15.0.zip]
[codemirror.net/5/codemirror-5.14.0.zip]
[codemirror.net/5/codemirror-5.13.2.zip]
[codemirror.net/5/codemirror-5.12.zip]
[codemirror.net/5/codemirror-5.13.zip]
[codemirror.net/5/codemirror-5.11.zip]
[codemirror.net/5/mode/fcl/index-2.html]
[codemirror.net/5/mode/htmlmixed/index-2.html]
[codemirror.net/5/mode/spreadsheet/index-2.html]
[codemirror.net/5/codemirror-5.8.zip]
[codemirror.net/5/codemirror-5.7.zip]
[codemirror.net/5/codemirror-5.10.zip]
[codemirror.net/5/codemirror-5.9.zip]
[codemirror.net/5/codemirror-5.6.zip]
[codemirror.net/5/codemirror-5.5.zip]
[codemirror.net/5/codemirror-5.4.zip]
[codemirror.net/5/codemirror-5.3.zip]
[codemirror.net/5/codemirror-5.2.zip]
[codemirror.net/5/codemirror-5.0.zip]
[codemirror.net/5/codemirror-5.1.zip]
[codemirror.net/5/codemirror-4.13.zip]
[codemirror.net/5/codemirror-4.12.zip]
[codemirror.net/5/codemirror-4.11.zip]
[codemirror.net/5/codemirror-4.10.zip]
[codemirror.net/5/codemirror-4.9.zip]
[codemirror.net/5/codemirror-4.8.zip]
[codemirror.net/5/codemirror-4.7.zip]
[codemirror.net/5/mode/kotlin/index.html]
[codemirror.net/5/codemirror-4.6.zip]
[codemirror.net/5/codemirror-4.5.zip]
[codemirror.net/5/codemirror-4.4.zip]
[codemirror.net/5/codemirror-4.2.zip]
[codemirror.net/5/mode/jade/index.html]
[codemirror.net/5/codemirror-4.1.zip]
[codemirror.net/5/codemirror-4.3.zip]
[codemirror.net/5/codemirror-4.0.zip]
[codemirror.net/5/doc/upgrade_v4.html]
[codemirror.net/5/codemirror-3.24.zip]
[codemirror.net/5/codemirror-3.23.zip]
[codemirror.net/5/codemirror-3.22.zip]
[codemirror.net/5/codemirror-3.21.zip]
[codemirror.net/5/codemirror-3.20.zip]
[codemirror.net/5/codemirror-3.19.zip]
[codemirror.net/5/codemirror-3.18.zip]
[codemirror.net/5/mode/sql/index494b.html]
[codemirror.net/5/codemirror-3.16.zip]
[codemirror.net/5/codemirror-3.17.zip]
[codemirror.net/5/codemirror-3.15.zip]
[codemirror.net/5/codemirror-3.14.zip]
[codemirror.net/5/codemirror-3.13.zip]
[codemirror.net/5/codemirror-3.12.zip]
[codemirror.net/5/codemirror-3.11.zip]
[codemirror.net/5/codemirror-3.1.zip]
[codemirror.net/5/codemirror-3.01.zip]
[codemirror.net/5/codemirror-3.02.zip]
[codemirror.net/5/codemirror-3.0.zip]
[codemirror.net/5/addon/index.html]
[codemirror.net/5/doc/upgrade_v3.html]
[codemirror.net/5/codemirror-3.0rc2.zip]
[codemirror.net/5/codemirror-3.0beta2.zip]
[codemirror.net/5/codemirror-3.0beta1.zip]
[codemirror.net/5/codemirror-3.0rc1.zip]
[codemirror.net/5/codemirror-2.38.zip]
[codemirror.net/5/codemirror-2.37.zip]
[codemirror.net/5/mode/plsql/index.html]
[codemirror.net/5/mode/mysql/index.html]
[codemirror.net/5/codemirror-2.36.zip]
[codemirror.net/5/https_/github.com/codemirror/CodeMirror/compare/v2.35...v2.36]
[codemirror.net/5/codemirror-2.35.zip]
[codemirror.net/5/mode/javascript/typescript.html]
[codemirror.net/5/codemirror-2.34.zip]
[codemirror.net/5/demo/formatting.html]
[codemirror.net/5/codemirror-2.33.zip]
[codemirror.net/5/codemirror-2.32.zip]
[codemirror.net/5/codemirror-2.31.zip]
[codemirror.net/5/mode/ocaml/index.html]
[codemirror.net/5/codemirror-2.3.zip]
[codemirror.net/5/codemirror-2.25.zip]
[codemirror.net/5/codemirror-2.24.zip]
[codemirror.net/5/codemirror-2.23.zip]
[codemirror.net/5/mode/less/index.html]
[codemirror.net/5/codemirror-2.22.zip]
[codemirror.net/5/codemirror-2.21.zip]
[codemirror.net/5/codemirror-2.2.zip]
[codemirror.net/5/doc/upgrade_v2.2.html]
[codemirror.net/5/demo/visibletabs.html]
[codemirror.net/5/codemirror-2.18.zip]
[codemirror.net/5/codemirror-2.17.zip]
[codemirror.net/5/codemirror-2.16.zip]
[codemirror.net/5/codemirror-2.15.zip]
[codemirror.net/5/codemirror-2.14.zip]
[codemirror.net/5/codemirror-2.13.zip]
[codemirror.net/5/mode/xmlpure/index.html]
[codemirror.net/5/codemirror-2.12.zip]
[codemirror.net/5/codemirror-2.11.zip]
[codemirror.net/5/demo/changemode.html]
[codemirror.net/5/codemirror-2.1.zip]
[codemirror.net/5/codemirror-2.02.zip]
[codemirror.net/5/codemirror-2.01.zip]
[codemirror.net/5/codemirror-2.0.zip]
[codemirror.net/5/doc/internals.html]
[codemirror.net/5/codemirror-0.94.zip]
[codemirror.net/5/codemirror-0.93.zip]
[codemirror.net/5/doc/contrib/regex/index.html]
[codemirror.net/5/codemirror-1.0.zip]
[codemirror.net/5/codemirror-0.92.zip]
[codemirror.net/5/doc/contrib/freemarker/index.html]
[codemirror.net/5/codemirror-0.91.zip]
[codemirror.net/5/doc/contrib/java]
[codemirror.net/5/doc/contrib/php]
[codemirror.net/5/doc/contrib/sql]
[codemirror.net/5/doc/mixedtest.html]
[codemirror.net/5/codemirror-0.9.zip]
[codemirror.net/5/doc/contrib/scheme/index.html]
[codemirror.net/5/doc/contrib/xquery/index.html]
[codemirror.net/5/doc/contrib/ometa/index.html]
[codemirror.net/5/codemirror-0.8.zip]
[codemirror.net/5/doc/compress.html]
[codemirror.net/5/codemirror-0.66.zip]
[codemirror.net/5/codemirror-0.67.zip]
[codemirror.net/5/doc/contrib/plsql/index.html]
[codemirror.net/5/codemirror-0.65.zip]
[codemirror.net/5/codemirror-0.64.zip]
[codemirror.net/5/doc/contrib/sql/index.html]
[codemirror.net/5/doc/contrib/python/index.html]
[codemirror.net/5/codemirror-0.63.zip]
[codemirror.net/5/codemirror-0.62.zip]
[codemirror.net/5/doc/contrib/lua/index.html]
[codemirror.net/5/doc/releases.html]
[codemirror.net/5/demo/xmlcomplete.html]
[codemirror.net/5/demo/buffers.html]
[codemirror.net/5/demo/resize.html]
[codemirror.net/5/demo/marker.html]
[codemirror.net/5/doc/realworld.html]
[codemirror.net/5/doc/reporting.html]
[codemirror.net/5/index-2.html]
[codemirror.net/5/mode/index-2.html]
[codemirror.net/5/theme/ambiance-mobile.css]
[codemirror.net/coderush.xyz/index.html]
[codemirror.net/5/theme/index.html]
[codemirror.net/5/keymap/index.html]
[codemirror.net/5/addon/search/matchesonscrollbar.css]
[codemirror.net/5/demo/closebrackets.html]
[codemirror.net/5/demo/matchtags.html]
[codemirror.net/5/demo/trailingspace.html]
[codemirror.net/5/demo/closetag.html]
[codemirror.net/5/theme/ssms.css]
[codemirror.net/5/mode/markdown/index.html]
[codemirror.net/5/addon/fold/index.html]
[codemirror.net/5/addon/fold/foldgutter.css]
[codemirror.net/5/demo/runmode.html]
[codemirror.net/5/test/index.html]
[codemirror.net/5/demo/{{url}}]
[codemirror.net/5/demo/mustache.html]
[codemirror.net/5/demo/multiplex.html]
[codemirror.net/5/demo/html5complete.html]
[codemirror.net/5/demo/matchhighlighter.html]
[codemirror.net/5/addon/lint/lint.css]
[unpkg.com/jshint@2.13.2/dist/jshint.js]
[unpkg.com/jsonlint@1.6.3/web/jsonlint.js]
[unpkg.com/csslint@1.0.5/dist/csslint.js]
[codemirror.net/5/demo/lint.html]
[codemirror.net/5/demo/markselection.html]
[codemirror.net/5/demo/activeline.html]
[codemirror.net/5/demo/loadmode.html]
[codemirror.net/5/demo/placeholder.html]
[codemirror.net/5/addon/display/fullscreen.css]
[codemirror.net/5/addon/scroll/simplescrollbars.css]
[codemirror.net/5/demo/rulers.html]
[codemirror.net/5/demo/panel.html]
[codemirror.net/5/demo/hardwrap.html]
[codemirror.net/5/demo/simplemode.html]
[codemirror.net/5/addon/mode/simple.js]
[github.githubassets.com/assets/light-efd2f2257c96.css]
[github.githubassets.com/assets/dark-6b1e37da2254.css]
[github.githubassets.com/assets/dark_dimmed-aa16bfa90fb8.css]
[github.githubassets.com/assets/dark_high_contrast-f4daad25d8cf.css]
[github.githubassets.com/assets/dark_colorblind-a4629b2e906b.css]
[github.githubassets.com/assets/light_colorblind-afcc3a6a38dd.css]
[github.githubassets.com/assets/light_high_contrast-79bca7145393.css]
[github.githubassets.com/assets/light_tritanopia-fe4137b54b26.css]
[github.githubassets.com/assets/dark_tritanopia-1911f0cf0db4.css]
[github.githubassets.com/assets/primer-primitives-8500c2c7ce5f.css]
[github.githubassets.com/assets/primer-2b840105ca05.css]
[github.githubassets.com/assets/global-526475a50099.css]
[github.githubassets.com/assets/github-0c7b5281bcc9.css]
[github.githubassets.com/assets/repository-7247b57543b3.css]
[github.githubassets.com/assets/code-68246ade0881.css]
[github.githubassets.com/assets/wp-runtime-ee73cf913169.js]
[github.githubassets.com/assets/vendors-node_modules_dompurify_dist_purify_js-810e4b1b9abd.js]
[github.githubassets.com/assets/vendors-node_modules_oddbird_popover-polyfill_dist_popover_js-4ac41d0a76fd.js]
[github.githubassets.com/assets/vendors-node_modules_github_mini-throttle_dist_index_js-node_modules_smoothscroll-polyfill_di-75db2e-e091a6d939e9.js]
[github.githubassets.com/assets/environment-c4d54ab0ea38.js]
[github.githubassets.com/assets/vendors-node_modules_primer_behaviors_dist_esm_focus-zone_js-03bcda509ec9.js]
[github.githubassets.com/assets/vendors-node_modules_github_selector-observer_dist_index_esm_js-9f960d9b217c.js]
[github.githubassets.com/assets/vendors-node_modules_github_combobox-nav_dist_index_js-node_modules_github_markdown-toolbar-e-820fc0-1176135e4d90.js]
[github.githubassets.com/assets/vendors-node_modules_github_auto-complete-element_dist_index_js-node_modules_github_details-d-ed9a97-dfdebffa4a55.js]
[github.githubassets.com/assets/vendors-node_modules_github_text-expander-element_dist_index_js-b2135edb5ced.js]
[github.githubassets.com/assets/vendors-node_modules_github_mini-throttle_dist_index_js-node_modules_delegated-events_dist_in-3efda3-bd1c71f99e25.js]
[github.githubassets.com/assets/vendors-node_modules_github_filter-input-element_dist_index_js-node_modules_github_remote-inp-b7d8f4-6e6f83bcc978.js]
[github.githubassets.com/assets/vendors-node_modules_github_catalyst_lib_index_js-node_modules_github_clipboard-copy-element_-782ca5-14181f295dc0.js]
[github.githubassets.com/assets/vendors-node_modules_github_file-attachment-element_dist_index_js-node_modules_primer_view-co-3959a9-e6079dc3e7ee.js]
[github.githubassets.com/assets/app_assets_modules_github_onfocus_ts-ui_packages_trusted-types-policies_policy_ts-ui_packages-6fe316-6b3cbf327f5c.js]
[github.githubassets.com/assets/github-elements-a7dc71cd6e4e.js]
[github.githubassets.com/assets/element-registry-b162311441fe.js]
[github.githubassets.com/assets/vendors-node_modules_github_catalyst_lib_index_js-node_modules_github_hydro-analytics-client_-4da1df-b779d50bdb3a.js]
[github.githubassets.com/assets/vendors-node_modules_braintree_browser-detection_dist_browser-detection_js-node_modules_stack-68835d-59206c834a41.js]
[github.githubassets.com/assets/vendors-node_modules_lit-html_lit-html_js-cc7cb714ead5.js]
[github.githubassets.com/assets/vendors-node_modules_github_mini-throttle_dist_index_js-node_modules_morphdom_dist_morphdom-e-7c534c-38ef9cb819da.js]
[github.githubassets.com/assets/vendors-node_modules_github_turbo_dist_turbo_es2017-esm_js-1cea0f5eff45.js]
[github.githubassets.com/assets/vendors-node_modules_github_remote-form_dist_index_js-node_modules_delegated-events_dist_inde-893f9f-880ac2bbb719.js]
[github.githubassets.com/assets/vendors-node_modules_scroll-anchoring_dist_scroll-anchoring_esm_js-node_modules_github_hotkey-1a1d91-1bb71f3f93c2.js]
[github.githubassets.com/assets/vendors-node_modules_color-convert_index_js-cdd1e82b3795.js]
[github.githubassets.com/assets/vendors-node_modules_primer_behaviors_dist_esm_dimensions_js-node_modules_github_jtml_lib_index_js-b1947a1d4855.js]
[github.githubassets.com/assets/vendors-node_modules_github_session-resume_dist_index_js-node_modules_primer_behaviors_dist_e-da6ec6-77ce2f267f4e.js]
[github.githubassets.com/assets/vendors-node_modules_github_quote-selection_dist_index_js-node_modules_github_textarea-autosi-9e0349-7c78ee755ad3.js]
[github.githubassets.com/assets/app_assets_modules_github_updatable-content_ts-f7a6979daf1e.js]
[github.githubassets.com/assets/app_assets_modules_github_behaviors_task-list_ts-app_assets_modules_github_onfocus_ts-app_ass-421cec-4bb45bce9567.js]
[github.githubassets.com/assets/app_assets_modules_github_sticky-scroll-into-view_ts-4dd22d959621.js]
[github.githubassets.com/assets/app_assets_modules_github_behaviors_ajax-error_ts-app_assets_modules_github_behaviors_include-467754-acdbd37f0cc6.js]
[github.githubassets.com/assets/app_assets_modules_github_behaviors_commenting_edit_ts-app_assets_modules_github_behaviors_ht-83c235-26fa06a2383b.js]
[github.githubassets.com/assets/app_assets_modules_github_blob-anchor_ts-app_assets_modules_github_filter-sort_ts-app_assets_-c96432-a9a6d17d145c.js]
[github.githubassets.com/assets/behaviors-ac844bd01e4d.js]
[github.githubassets.com/assets/vendors-node_modules_delegated-events_dist_index_js-node_modules_github_catalyst_lib_index_js-06ff531-2ea61fcc9a71.js]
[github.githubassets.com/assets/notifications-global-ce1721184096.js]
[github.githubassets.com/assets/vendors-node_modules_github_mini-throttle_dist_index_js-node_modules_github_catalyst_lib_inde-dbbea9-bac2d7b04358.js]
[github.githubassets.com/assets/app_assets_modules_github_repositories_get-repo-element_ts-d813e49daba2.js]
[github.githubassets.com/assets/code-menu-14f80622cb85.js]
[github.githubassets.com/assets/react-lib-dc88c1a68b28.js]
[github.githubassets.com/assets/vendors-node_modules_github_mini-throttle_dist_index_js-node_modules_primer_octicons-react_di-b40d97-a9d41e368083.js]
[github.githubassets.com/assets/vendors-node_modules_primer_react_lib-esm_Box_Box_js-5a335cbe71ad.js]
[github.githubassets.com/assets/vendors-node_modules_primer_react_lib-esm_Button_Button_js-5b479b1e13f0.js]
[github.githubassets.com/assets/vendors-node_modules_primer_react_lib-esm_TooltipV2_Tooltip_js-98aea6945770.js]
[github.githubassets.com/assets/vendors-node_modules_clsx_dist_clsx_m_js-node_modules_primer_react_node_modules_primer_octico-c56103-a3544e026375.js]
[github.githubassets.com/assets/vendors-node_modules_primer_react_lib-esm_ActionList_index_js-d4824680cd26.js]
[github.githubassets.com/assets/vendors-node_modules_primer_react_lib-esm_Text_Text_js-node_modules_primer_react_lib-esm_Text-7845da-05d2920d86b5.js]
[github.githubassets.com/assets/vendors-node_modules_primer_react_lib-esm_FormControl_FormControl_js-5ce0c372cf49.js]
[github.githubassets.com/assets/vendors-node_modules_primer_react_lib-esm_ActionMenu_ActionMenu_js-node_modules_primer_react_-5b2420-3d111386e1c1.js]
[github.githubassets.com/assets/vendors-node_modules_react-router-dom_dist_index_js-2b1dbeadb6d4.js]
[github.githubassets.com/assets/vendors-node_modules_primer_react_lib-esm_Link_Link_js-node_modules_primer_react_lib-esm_Rela-a903d7-17c01d44f123.js]
[github.githubassets.com/assets/vendors-node_modules_primer_react_lib-esm_ConfirmationDialog_ConfirmationDialog_js-1811321a7c22.js]
[github.githubassets.com/assets/vendors-node_modules_primer_react_lib-esm_Heading_Heading_js-node_modules_primer_react_lib-es-20c766-0fb98a07f9e4.js]
[github.githubassets.com/assets/vendors-node_modules_primer_react_lib-esm_TreeView_TreeView_js-b7923473328e.js]
[github.githubassets.com/assets/vendors-node_modules_primer_react_lib-esm_FeatureFlags_FeatureFlags_js-node_modules_primer_re-12c85c-079b5c35ec4a.js]
[github.githubassets.com/assets/vendors-node_modules_primer_react_lib-esm_Avatar_Avatar_js-node_modules_primer_react_lib-esm_-7cb226-5101963b8a7e.js]
[github.githubassets.com/assets/vendors-node_modules_primer_react_lib-esm_AvatarStack_AvatarStack_js-node_modules_primer_reac-64bd27-8da84a2dd14c.js]
[github.githubassets.com/assets/ui_packages_react-core_create-browser-history_ts-ui_packages_safe-storage_safe-storage_ts-ui_-682c2c-2c0ad573fa49.js]
[github.githubassets.com/assets/ui_packages_react-core_register-app_ts-a1b2ec39bbb1.js]
[github.githubassets.com/assets/ui_packages_paths_index_ts-732f320fc93b.js]
[github.githubassets.com/assets/ui_packages_ref-selector_RefSelector_tsx-ba5f7bbee964.js]
[github.githubassets.com/assets/ui_packages_commit-attribution_index_ts-ui_packages_commit-checks-status_index_ts-ui_packages-f45efb-3f9c8e39aef1.js]
[github.githubassets.com/assets/ui_packages_code-view-shared_hooks_use-canonical-object_ts-ui_packages_code-view-shared_hooks-af4274-a611698622a2.js]
[github.githubassets.com/assets/ui_packages_code-view-shared_components_files-search_FileResultsList_tsx-c674e51bbc88.js]
[github.githubassets.com/assets/ui_packages_code-view-shared_hooks_use-file-page-payload_ts-ui_packages_code-view-shared_util-337bac-7b692f031c76.js]
[github.githubassets.com/assets/ui_packages_repos-file-tree-view_repos-file-tree-view_ts-ui_packages_react-core_JsonRoute_tsx-4f37ac977500.js]
[github.githubassets.com/assets/react-code-view-10e5fcfbbd8b.js]
[github.githubassets.com/assets/react-code-view.234ae39ff1fa1232236c.module.css]
[github.com/fluidicon.png]
[github.com/codemirror/codemirror5/blob/b2d26b4ccb1d0994ae84d18ad8b84018de176da9/keymap/vim.html]
[codemirror.net/5/mode/apl/index.html]
[codemirror.net/5/mode/apl/apl.js]
[codemirror.net/5/mode/asn.1/index.html]
[codemirror.net/5/mode/asn.1/asn.1.js]
[codemirror.net/5/mode/asterisk/index.html]
[codemirror.net/5/mode/asterisk/asterisk.js]
[codemirror.net/5/mode/brainfuck/index.html]
[codemirror.net/5/mode/clike/index.html]
[codemirror.net/5/mode/brainfuck/brainfuck.js]
[codemirror.net/5/mode/clojure/index.html]
[codemirror.net/5/mode/css/gss.html]
[codemirror.net/5/mode/clojure/clojure.js]
[codemirror.net/5/mode/cmake/index.html]
[codemirror.net/5/mode/cmake/cmake.js]
[codemirror.net/5/mode/cobol/index.html]
[codemirror.net/5/mode/cobol/cobol.js]
[codemirror.net/5/mode/coffeescript/index.html]
[codemirror.net/5/mode/coffeescript/coffeescript.js]
[codemirror.net/5/mode/commonlisp/index.html]
[codemirror.net/5/mode/commonlisp/commonlisp.js]
[codemirror.net/5/mode/crystal/index.html]
[codemirror.net/5/mode/css/index.html]
[codemirror.net/5/mode/crystal/crystal.js]
[codemirror.net/5/mode/cypher/cypher.js]
[codemirror.net/5/mode/cypher/index.html]
[codemirror.net/5/mode/python/index.html]
[codemirror.net/5/mode/cypher/index878d.html]
[codemirror.net/5/mode/d/index.html]
[codemirror.net/5/mode/d/d.js]
[codemirror.net/5/mode/dart/index.html]
[codemirror.net/5/mode/dart/dart.js]
[codemirror.net/5/mode/django/django.js]
[codemirror.net/5/mode/django/index.html]
[codemirror.net/5/mode/dockerfile/index.html]
[codemirror.net/5/mode/diff/index.html]
[codemirror.net/5/mode/dockerfile/dockerfile.js]
[codemirror.net/5/mode/dtd/index.html]
[codemirror.net/5/mode/dtd/dtd.js]
[codemirror.net/5/mode/dylan/index.html]
[codemirror.net/5/mode/dylan/dylan.js]
[codemirror.net/5/mode/ebnf/index.html]
[codemirror.net/5/mode/ebnf/ebnf.js]
[codemirror.net/5/mode/ecl/index.html]
[codemirror.net/5/mode/ecl/ecl.js]
[codemirror.net/5/mode/eiffel/index.html]
[codemirror.net/5/mode/eiffel/eiffel.js]
[codemirror.net/5/mode/elm/index.html]
[codemirror.net/5/mode/elm/elm.js]
[codemirror.net/5/mode/erlang/index.html]
[codemirror.net/5/mode/erlang/erlang.js]
[codemirror.net/5/mode/factor/index.html]
[codemirror.net/5/mode/factor/factor.js]
[codemirror.net/5/mode/fcl/index.html]
[codemirror.net/5/mode/fcl/fcl.js]
[codemirror.net/5/mode/forth/index.html]
[codemirror.net/5/mode/forth/forth.js]
[codemirror.net/5/mode/fortran/index.html]
[codemirror.net/5/mode/fortran/fortran.js]
[codemirror.net/5/mode/mllike/index.html]
[codemirror.net/5/mode/mllike/mllike.js]
[codemirror.net/5/mode/gas/index.html]
[codemirror.net/5/mode/gas/gas.js]
[codemirror.net/5/mode/gherkin/index.html]
[codemirror.net/5/mode/gherkin/gherkin.js]
[codemirror.net/5/mode/go/index.html]
[codemirror.net/5/mode/go/go.js]
[codemirror.net/5/mode/groovy/index.html]
[codemirror.net/5/mode/groovy/groovy.js]
[codemirror.net/5/mode/ruby/ruby.js]
[codemirror.net/5/mode/haml/haml.js]
[codemirror.net/5/mode/haml/index.html]
[codemirror.net/5/mode/handlebars/index.html]
[codemirror.net/5/mode/handlebars/handlebars.js]
[codemirror.net/5/mode/haskell/index.html]
[codemirror.net/5/mode/haskell/haskell.js]
[codemirror.net/5/mode/haskell-literate/index.html]
[codemirror.net/5/mode/haskell-literate/haskell-literate.js]
[codemirror.net/5/mode/haxe/index.html]
[codemirror.net/5/mode/haxe/haxe.js]
[codemirror.net/5/mode/htmlembedded/index.html]
[codemirror.net/5/mode/htmlembedded/htmlembedded.js]
[codemirror.net/5/mode/http/index.html]
[codemirror.net/5/mode/http/http.js]
[codemirror.net/5/mode/idl/index.html]
[codemirror.net/5/mode/idl/idl.js]
[codemirror.net/5/mode/javascript/index.html]
[codemirror.net/5/mode/javascript/json-ld.html]
[codemirror.net/5/mode/jsx/index.html]
[codemirror.net/5/mode/jsx/jsx.js]
[codemirror.net/5/mode/jinja2/index.html]
[codemirror.net/5/mode/jinja2/jinja2.js]
[codemirror.net/5/mode/julia/index.html]
[codemirror.net/5/mode/css/less.html]
[codemirror.net/5/mode/julia/julia.js]
[codemirror.net/5/mode/livescript/index.html]
[codemirror.net/5/mode/livescript/livescript.js]
[codemirror.net/5/mode/lua/lua.js]
[codemirror.net/5/1/contrib/lua]
[codemirror.net/5/mode/lua/index.html]
[codemirror.net/5/mode/gfm/index.html]
[codemirror.net/5/mode/gfm/gfm.js]
[codemirror.net/5/mode/mathematica/index.html]
[codemirror.net/5/mode/mathematica/mathematica.js]
[codemirror.net/5/mode/mbox/index.html]
[codemirror.net/5/mode/mbox/mbox.js]
[codemirror.net/5/mode/mirc/index.html]
[codemirror.net/5/mode/mirc/mirc.js]
[codemirror.net/5/mode/modelica/index.html]
[codemirror.net/5/mode/modelica/modelica.js]
[codemirror.net/5/mode/mscgen/index.html]
[codemirror.net/5/mode/mscgen/mscgen.js]
[codemirror.net/5/mode/mumps/index.html]
[codemirror.net/5/mode/mumps/mumps.js]
[codemirror.net/5/mode/nginx/index.html]
[codemirror.net/5/mode/nginx/nginx.js]
[codemirror.net/5/mode/nsis/index.html]
[codemirror.net/5/mode/nsis/nsis.js]
[codemirror.net/5/mode/ntriples/index.html]
[codemirror.net/5/mode/ntriples/ntriples.js]
[codemirror.net/5/mode/octave/index.html]
[codemirror.net/5/mode/octave/octave.js]
[codemirror.net/5/mode/oz/index.html]
[codemirror.net/5/mode/oz/oz.js]
[codemirror.net/5/mode/pascal/index.html]
[codemirror.net/5/mode/pascal/pascal.js]
[codemirror.net/5/mode/pegjs/index.html]
[codemirror.net/5/mode/pegjs/pegjs.js]
[codemirror.net/5/mode/perl/index.html]
[codemirror.net/5/mode/perl/perl.js]
[codemirror.net/5/mode/asciiarmor/index.html]
[codemirror.net/5/mode/asciiarmor/asciiarmor.js]
[codemirror.net/5/mode/php/index.html]
[codemirror.net/5/mode/php/php.js]
[codemirror.net/5/mode/pig/index.html]
[codemirror.net/5/mode/pig/pig.js]
[codemirror.net/5/mode/powershell/index.html]
[codemirror.net/5/mode/powershell/powershell.js]
[codemirror.net/5/mode/properties/index.html]
[codemirror.net/5/mode/properties/properties.js]
[codemirror.net/5/mode/protobuf/index.html]
[codemirror.net/5/mode/protobuf/protobuf.js]
[codemirror.net/5/mode/pug/index.html]
[codemirror.net/5/mode/pug/pug.js]
[codemirror.net/5/mode/puppet/index.html]
[codemirror.net/5/mode/puppet/puppet.js]
[codemirror.net/5/mode/q/index.html]
[codemirror.net/5/mode/q/q.js]
[codemirror.net/5/mode/r/index.html]
[codemirror.net/5/mode/r/r.js]
[codemirror.net/5/mode/rpm/index.html]
[codemirror.net/5/mode/rpm/rpm.js]
[codemirror.net/5/mode/rst/index.html]
[codemirror.net/5/mode/ruby/index.html]
[codemirror.net/5/mode/rst/rst.js]
[codemirror.net/5/mode/rust/index.html]
[codemirror.net/5/mode/rust/rust.js]
[codemirror.net/5/mode/sas/index.html]
[codemirror.net/5/mode/sas/sas.js]
[codemirror.net/5/mode/sass/index.html]
[codemirror.net/5/mode/sass/sass.js]
[codemirror.net/5/mode/spreadsheet/index.html]
[codemirror.net/5/mode/spreadsheet/spreadsheet.js]
[codemirror.net/5/mode/immutable/Stream.html]
[codemirror.net/5/mode/clike/scala.html]
[codemirror.net/5/mode/scheme/index.html]
[codemirror.net/5/mode/css/scss.html]
[codemirror.net/5/mode/scheme/scheme.js]
[codemirror.net/5/mode/shell/index.html]
[codemirror.net/5/mode/shell/shell.js]
[codemirror.net/5/mode/sieve/index.html]
[codemirror.net/5/mode/sieve/sieve.js]
[code.jquery.com/jquery-1.11.1.min.js]
[code.jquery.com/ui/1.11.0/jquery-ui.min.js]
[code.jquery.com/ui/1.11.0/themes/smoothness/jquery-ui.css]
[codemirror.net/5/mode/slim/slim.js]
[codemirror.net/5/mode/slim/index.html]
[codemirror.net/5/mode/smalltalk/index.html]
[codemirror.net/5/mode/smalltalk/smalltalk.js]
[codemirror.net/5/mode/smarty/index.html]
[codemirror.net/5/mode/smarty/smarty.js]
[codemirror.net/5/mode/solr/index.html]
[codemirror.net/5/mode/solr/solr.js]
[codemirror.net/5/mode/soy/index.html]
[codemirror.net/5/mode/soy/soy.js]
[codemirror.net/5/mode/stylus/index.html]
[codemirror.net/5/mode/stylus/stylus.js]
[codemirror.net/5/mode/sql/sql.js]
[codemirror.net/5/mode/sql/indexca7d.html]
[codemirror.net/5/mode/sql/indexf2f2.html]
[codemirror.net/5/mode/sql/index228f.html]
[codemirror.net/5/mode/sql/index1e08.html]
[codemirror.net/5/mode/sql/index10de.html]
[codemirror.net/5/mode/sql/index494b-2.html]
[codemirror.net/5/mode/sql/index4f89.html]
[codemirror.net/5/mode/sql/indexe540.html]
[codemirror.net/5/mode/sql/index9e60.html]
[codemirror.net/5/mode/sql/index3816.html]
[codemirror.net/5/mode/sql/indexc3f7.html]
[codemirror.net/5/mode/sql/indexbcc2.html]
[codemirror.net/5/mode/sql/indexd571.html]
[codemirror.net/5/mode/sql/index.html]
[codemirror.net/5/mode/sql/indexbe5c.html]
[codemirror.net/5/mode/sparql/index.html]
[codemirror.net/5/mode/sparql/sparql.js]
[codemirror.net/5/mode/swift/index.html]
[codemirror.net/5/mode/swift/swift.js]
[codemirror.net/5/mode/stex/index.html]
[codemirror.net/5/mode/stex/stex.js]
[codemirror.net/5/mode/tcl/index.html]
[codemirror.net/5/mode/tcl/tcl.js]
[codemirror.net/5/mode/textile/index.html]
[codemirror.net/5/mode/textile/textile.js]
[codemirror.net/5/mode/tiddlywiki/tiddlywiki.css]
[codemirror.net/5/mode/tiddlywiki/tiddlywiki.js]
[codemirror.net/5/mode/tiddlywiki/index.html]
[codemirror.net/5/mode/tiki/tiki.css]
[codemirror.net/5/mode/tiki/tiki.js]
[codemirror.net/5/mode/tiki/index.html]
[codemirror.net/5/mode/toml/index.html]
[codemirror.net/5/mode/toml/toml.js]
[codemirror.net/5/mode/tornado/index.html]
[codemirror.net/5/mode/tornado/tornado.js]
[codemirror.net/5/mode/troff/index.html]
[codemirror.net/5/mode/troff/troff.js]
[codemirror.net/5/mode/ttcn/index.html]
[codemirror.net/5/mode/ttcn/ttcn.js]
[codemirror.net/5/mode/ttcn-cfg/index.html]
[codemirror.net/5/mode/ttcn-cfg/ttcn-cfg.js]
[codemirror.net/5/mode/turtle/index.html]
[codemirror.net/5/mode/turtle/turtle.js]
[codemirror.net/5/mode/twig/index.html]
[codemirror.net/5/mode/twig/twig.js]
[codemirror.net/5/mode/vb/index.html]
[codemirror.net/5/mode/vbscript/index.html]
[codemirror.net/5/mode/vb/vb.js]
[codemirror.net/5/mode/velocity/index.html]
[codemirror.net/5/mode/velocity/velocity.js]
[codemirror.net/5/mode/verilog/index.html]
[codemirror.net/5/mode/verilog/verilog.js]
[codemirror.net/5/mode/vhdl/index.html]
[codemirror.net/5/mode/vhdl/vhdl.js]
[codemirror.net/5/mode/vue/index.html]
[codemirror.net/5/mode/vue/vue.js]
[codemirror.net/5/mode/webidl/index.html]
[codemirror.net/5/mode/webidl/webidl.js]
[codemirror.net/5/mode/wast/index.html]
[codemirror.net/5/mode/xml/index.html]
[codemirror.net/5/mode/wast/wast.js]
[codemirror.net/5/mode/xquery/index.html]
[codemirror.net/5/mode/xquery/xquery.js]
[codemirror.net/5/mode/yacas/index.html]
[codemirror.net/5/mode/yacas/yacas.js]
[codemirror.net/5/mode/yaml/index.html]
[codemirror.net/5/mode/yaml/yaml.js]
[codemirror.net/5/mode/yaml-frontmatter/index.html]
[codemirror.net/5/mode/yaml-frontmatter/yaml-frontmatter.js]
[codemirror.net/5/mode/z80/index.html]
[codemirror.net/5/addon/hint/show-hint.css]
[codemirror.net/5/theme/3024-day.css]
[codemirror.net/5/theme/3024-night.css]
[codemirror.net/5/theme/abbott.css]
[codemirror.net/5/theme/abcdef.css]
[codemirror.net/5/theme/ambiance.css]
[codemirror.net/5/theme/ayu-dark.css]
[codemirror.net/5/theme/ayu-mirage.css]
[codemirror.net/5/theme/base16-dark.css]
[codemirror.net/5/theme/bespin.css]
[codemirror.net/5/theme/base16-light.css]
[codemirror.net/5/theme/blackboard.css]
[codemirror.net/5/theme/cobalt.css]
[codemirror.net/5/theme/colorforth.css]
[codemirror.net/5/theme/dracula.css]
[codemirror.net/5/theme/duotone-dark.css]
[codemirror.net/5/theme/duotone-light.css]
[codemirror.net/5/theme/eclipse.css]
[codemirror.net/5/theme/elegant.css]
[codemirror.net/5/theme/erlang-dark.css]
[codemirror.net/5/theme/gruvbox-dark.css]
[codemirror.net/5/theme/hopscotch.css]
[codemirror.net/5/theme/icecoder.css]
[codemirror.net/5/theme/isotope.css]
[codemirror.net/5/theme/juejin.css]
[codemirror.net/5/theme/lesser-dark.css]
[codemirror.net/5/theme/liquibyte.css]
[codemirror.net/5/theme/lucario.css]
[codemirror.net/5/theme/material.css]
[codemirror.net/5/theme/material-darker.css]
[codemirror.net/5/theme/material-palenight.css]
[codemirror.net/5/theme/material-ocean.css]
[codemirror.net/5/theme/mbo.css]
[codemirror.net/5/theme/mdn-like.css]
[codemirror.net/5/theme/midnight.css]
[codemirror.net/5/theme/monokai.css]
[codemirror.net/5/theme/moxer.css]
[codemirror.net/5/theme/neat.css]
[codemirror.net/5/theme/neo.css]
[codemirror.net/5/theme/night.css]
[codemirror.net/5/theme/nord.css]
[codemirror.net/5/theme/oceanic-next.css]
[codemirror.net/5/theme/panda-syntax.css]
[codemirror.net/5/theme/paraiso-dark.css]
[codemirror.net/5/theme/paraiso-light.css]
[codemirror.net/5/theme/pastel-on-dark.css]
[codemirror.net/5/theme/railscasts.css]
[codemirror.net/5/theme/rubyblue.css]
[codemirror.net/5/theme/seti.css]
[codemirror.net/5/theme/shadowfox.css]
[codemirror.net/5/theme/solarized.css]
[codemirror.net/5/theme/the-matrix.css]
[codemirror.net/5/theme/tomorrow-night-bright.css]
[codemirror.net/5/theme/tomorrow-night-eighties.css]
[codemirror.net/5/theme/ttcn.css]
[codemirror.net/5/theme/twilight.css]
[codemirror.net/5/theme/vibrant-ink.css]
[codemirror.net/5/theme/xq-dark.css]
[codemirror.net/5/theme/xq-light.css]
[codemirror.net/5/theme/yeti.css]
[codemirror.net/5/theme/idea.css]
[codemirror.net/5/theme/darcula.css]
[codemirror.net/5/theme/yonce.css]
[codemirror.net/5/theme/zenburn.css]
[codemirror.net/5/addon/dialog/dialog.css]
[codemirror.net/5/addon/tern/tern.css]
[codemirror.net/5/demo/get.html]
[codemirror.net/5/addon/merge/merge.css]
[codemirror.net/5/demo/codemirror/index.html]
[codemirror.net/5/mode/go/index-2.html]
[codemirror.net/5/mode/yaml/index-2.html]
[codemirror.net/5/mode/clike/index-2.html]
[codemirror.net/5/mode/python/index-2.html]
[codemirror.net/5/mode/swift/index-2.html]
[codemirror.net/5/mode/jinja2/index-2.html]
[codemirror.net/5/codemirror-5.65.6.html]
[codemirror.net/5/mode/julia/index-2.html]
[codemirror.net/5/mode/xml/index-2.html]
[codemirror.net/5/mode/javascript/index-2.html]
[codemirror.net/5/demo/search/index.html]
[codemirror.net/5/mode/soy/index-2.html]
[codemirror.net/5/mode/shell/index-2.html]
[codemirror.net/5/mode/css/index-2.html]
[codemirror.net/5/mode/wast/index-2.html]
[codemirror.net/5/mode/gfm/index-2.html]
[codemirror.net/5/mode/markdown/index-2.html]
[codemirror.net/5/mode/handlebars/index-2.html]
[codemirror.net/5/mode/elm/index-2.html]
[codemirror.net/5/mode/sql/index-2.html]
[codemirror.net/5/mode/z80/z80.js]
[codemirror.net/5/mode/sql/indexca7d-2.html]
[codemirror.net/5/mode/sql/index228f-2.html]
[codemirror.net/5/mode/sql/indexf2f2-2.html]
[codemirror.net/5/mode/sql/index1e08-2.html]
[codemirror.net/5/mode/asterisk/index-2.html]
[codemirror.net/5/mode/sql/index10de-2.html]
[codemirror.net/5/mode/sql/index4f89-2.html]
[codemirror.net/5/mode/ruby/index-2.html]
[codemirror.net/mode/julia/index.html]
[codemirror.net/mode/shell/index.html]
[codemirror.net/5/mode/sql/indexe540-2.html]
[codemirror.net/mode/r/index.html]
[codemirror.net/5/mode/sql/index9e60-2.html]
[codemirror.net/5/mode/sql/index3816-2.html]
[codemirror.net/mode/markdown/index.html]
[codemirror.net/5/mode/sql/indexc3f7-2.html]
[codemirror.net/5/mode/sql/indexbcc2-2.html]
[codemirror.net/5/mode/sql/indexd571-2.html]
[codemirror.net/5/mode/stex/index-2.html]
[codemirror.net/5/mode/haskell/index-2.html]
[codemirror.net/5/mode/dockerfile/index-2.html]
[codemirror.net/mode/clike/index.html]
[codemirror.net/5/mode/d/index-2.html]
[codemirror.net/5/mode/rust/index-2.html]
[codemirror.net/5/mode/r/index-2.html]
[codemirror.net/5/mode/sass/index-2.html]
[codemirror.net/5/mode/verilog/index-2.html]
[codemirror.net/5/mode/erlang/index-2.html]
[codemirror.net/5/mode/vue/index-2.html]
[codemirror.net/5/mode/pug/index-2.html]
[codemirror.net/5/codemirror-5.14.0.html]
[codemirror.net/5/mode/fcl/index-2.html]
[codemirror.net/5/mode/htmlmixed/index-2.html]
[codemirror.net/5/mode/spreadsheet/index-2.html]
[codemirror.net/5/mode/kotlin/index.html]
[codemirror.net/5/mode/jade/index.html]
[codemirror.net/5/doc/upgrade_v4.html]
[codemirror.net/5/mode/sql/index494b.html]
[codemirror.net/5/addon/index.html]
[codemirror.net/5/addon/dialog/index.html]
[codemirror.net/5/addon/comment/index.html]
[codemirror.net/5/addon/display/index.html]
[codemirror.net/5/mode/sql/indexbe5c-2.html]
[codemirror.net/5/addon/edit/index.html]
[codemirror.net/5/addon/hint/index.html]
[codemirror.net/5/addon/lint/index.html]
[codemirror.net/5/doc/upgrade_v3.html]
[codemirror.net/5/demo/widget.html]
[codemirror.net/5/mode/plsql/index.html]
[codemirror.net/5/addon/runmode/index.html]
[codemirror.net/5/addon/merge/index.html]
[codemirror.net/5/addon/mode/index.html]
[codemirror.net/5/mode/mysql/index.html]
[codemirror.net/5/addon/scroll/index.html]
[codemirror.net/5/https_/github.com/codemirror/CodeMirror/compare/v2.35...v2.html]
[codemirror.net/5/addon/selection/index.html]
[codemirror.net/5/addon/tern/index.html]
[codemirror.net/5/addon/search/index.html]
[codemirror.net/5/mode/javascript/typescript.html]
[codemirror.net/5/demo/formatting.html]
[codemirror.net/5/mode/ocaml/index.html]
[codemirror.net/5/mode/less/index.html]
[codemirror.net/5/doc/upgrade_v2.2.html]
[codemirror.net/5/demo/visibletabs.html]
[codemirror.net/5/mode/xmlpure/index.html]
[codemirror.net/5/demo/changemode.html]
[codemirror.net/5/addon/wrap/index.html]
[codemirror.net/5/story.44b.delayed]
[codemirror.net/5/doc/internals.html]
[codemirror.net/5/doc/contrib/regex/index.html]
[codemirror.net/5/doc/contrib/freemarker/index.html]
[codemirror.net/5/doc/contrib/java.html]
[codemirror.net/5/doc/contrib/php.html]
[codemirror.net/5/doc/contrib/sql.html]
[codemirror.net/5/doc/mixedtest.html]
[codemirror.net/5/doc/contrib/scheme/index.html]
[codemirror.net/5/doc/contrib/xquery/index.html]
[codemirror.net/5/doc/contrib/ometa/index.html]
[codemirror.net/5/doc/compress.html]
[codemirror.net/5/doc/contrib/plsql/index.html]
[codemirror.net/5/doc/contrib/sql/index.html]
[codemirror.net/5/doc/contrib/python/index.html]
[codemirror.net/5/doc/contrib/lua/index.html]
[codemirror.net/coderush.xyz/index.html]
[codemirror.net/5/theme/ambiance-mobile.css]
[codemirror.net/5/theme/ssms.css]
[codemirror.net/5/test/mode_test.css]
[codemirror.net/5/test/driver.js]
[codemirror.net/5/test/test.js]
[codemirror.net/5/test/doc_test.js]
[codemirror.net/5/test/multi_test.js]
[codemirror.net/5/test/contenteditable_test.js]
[codemirror.net/5/test/scroll_test.js]
[codemirror.net/5/test/comment_test.js]
[codemirror.net/5/test/search_test.js]
[codemirror.net/5/test/mode_test.js]
[codemirror.net/5/mode/clike/test.js]
[codemirror.net/5/mode/clojure/test.js]
[codemirror.net/5/mode/css/test.js]
[codemirror.net/5/mode/css/gss_test.js]
[codemirror.net/5/mode/css/scss_test.js]
[codemirror.net/5/mode/css/less_test.js]
[codemirror.net/5/mode/cypher/test.js]
[codemirror.net/5/mode/d/test.js]
[codemirror.net/5/mode/dockerfile/test.js]
[codemirror.net/5/mode/gfm/test.js]
[codemirror.net/5/mode/haml/test.js]
[codemirror.net/5/mode/javascript/test.js]
[codemirror.net/5/mode/jsx/test.js]
[codemirror.net/5/mode/markdown/test.js]
[codemirror.net/5/mode/php/test.js]
[codemirror.net/5/mode/powershell/test.js]
[codemirror.net/5/mode/ruby/test.js]
[codemirror.net/5/mode/sass/test.js]
[codemirror.net/5/mode/shell/test.js]
[codemirror.net/5/mode/slim/test.js]
[codemirror.net/5/mode/soy/test.js]
[codemirror.net/5/mode/stex/test.js]
[codemirror.net/5/mode/swift/test.js]
[codemirror.net/5/mode/textile/test.js]
[codemirror.net/5/mode/verilog/test.js]
[codemirror.net/5/mode/xml/test.js]
[codemirror.net/5/mode/xquery/test.js]
[codemirror.net/5/mode/python/test.js]
[codemirror.net/5/mode/rust/test.js]
[codemirror.net/5/mode/wast/test.js]
[codemirror.net/5/mode/mscgen/mscgen_test.js]
[codemirror.net/5/mode/mscgen/xu_test.js]
[codemirror.net/5/mode/mscgen/msgenny_test.js]
[codemirror.net/5/mode/dylan/test.js]
[codemirror.net/5/addon/mode/multiplex_test.js]
[codemirror.net/5/test/emacs_test.js]
[codemirror.net/5/test/sql-hint-test.js]
[codemirror.net/5/test/sublime_test.js]
[codemirror.net/5/test/html-hint-test.js]
[codemirror.net/5/test/index.html]
[codemirror.net/5/demo/{{url}}.html]
[codemirror.net/5/addon/lint/lint.css]
[codemirror.net/5/mode/%N/%N.html]
[github.githubassets.com/assets/light-efd2f2257c96.css]
[github.githubassets.com/assets/dark-6b1e37da2254.css]
[github.githubassets.com/assets/dark_dimmed-aa16bfa90fb8.css]
[github.githubassets.com/assets/dark_high_contrast-f4daad25d8cf.css]
[github.githubassets.com/assets/dark_colorblind-a4629b2e906b.css]
[github.githubassets.com/assets/light_colorblind-afcc3a6a38dd.css]
[github.githubassets.com/assets/light_high_contrast-79bca7145393.css]
[github.githubassets.com/assets/light_tritanopia-fe4137b54b26.css]
[github.githubassets.com/assets/dark_tritanopia-1911f0cf0db4.css]
[github.githubassets.com/assets/primer-primitives-8500c2c7ce5f.css]
[github.githubassets.com/assets/primer-2b840105ca05.css]
[codemirror.net/5/test/annotatescrollbar.js]
[github.githubassets.com/assets/octocat-spinner-16px-EAF2F5-8b50b1cd56db.gif]
[github.githubassets.com/assets/octocat-spinner-32-EAF2F5-ada8eb30dd92.gif]
[github.githubassets.com/assets/background-yellowhatch-v3-ffd8c31a935a.png]
[github.githubassets.com/assets/octocat-spinner-16px-52b21dd0a90e.gif]
[github.githubassets.com/assets/error-27e08d342a06.png]
[github.githubassets.com/assets/octocat-spinner-32-36e32e38816e.gif]
[github.githubassets.com/assets/error@2x-92d4bca0a053.png]
[github.githubassets.com/assets/global-526475a50099.css]
[github.githubassets.com/assets/octocat-spinner-64-5a4957be9e70.gif]
[github.githubassets.com/assets/trans_bg-b507cc0d0e5d.gif]
[github.githubassets.com/assets/octocat-spinner-128-9d4bc3602169.gif]
[github.githubassets.com/assets/projects-beta-banner-mobile-d1fa5b9e56f6.png]
[github.githubassets.com/assets/projects-beta-banner-d9365bcc4da8.png]
[github.githubassets.com/assets/projects-beta-banner-dark-fc370172a740.png]
[github.githubassets.com/assets/heart-explosion-9235d9b294df.png]
[github.githubassets.com/assets/github-0c7b5281bcc9.css]
[github.githubassets.com/assets/ds-actions-prompt-banner-mobile-e5e057312e9f.png]
[github.githubassets.com/assets/ds-actions-prompt-banner-708e9c012f66.png]
[github.githubassets.com/assets/ds-actions-prompt-banner-mobile-dark-3f109897c743.png]
[github.githubassets.com/assets/ds-actions-prompt-banner-dark-7b6a0129760b.png]
[github.githubassets.com/assets/repository-7247b57543b3.css]
[github.githubassets.com/assets/code-68246ade0881.css]
[github.githubassets.com/assets/react-code-view.234ae39ff1fa1232236c.module.css]
[codemirror.net/5/mode/cypher/index878d.html]
[codemirror.net/5/mode/django/{% url 'item_view' item.html]
[codemirror.net/5/mode/javascript/json-ld.html]
[codemirror.net/5/1/contrib/lua.html]
[codemirror.net/5/mode/immutable/Stream.html]
[code.jquery.com/ui/1.11.0/themes/smoothness/images/animated-overlay.gif]
[code.jquery.com/ui/1.11.0/themes/smoothness/images/ui-bg_flat_75_ffffff_40x100.png]
[code.jquery.com/ui/1.11.0/themes/smoothness/images/ui-bg_highlight-soft_75_cccccc_1x100.png]
[code.jquery.com/ui/1.11.0/themes/smoothness/images/ui-bg_glass_75_e6e6e6_1x400.png]
[code.jquery.com/ui/1.11.0/themes/smoothness/images/ui-bg_glass_75_dadada_1x400.png]
[code.jquery.com/ui/1.11.0/themes/smoothness/images/ui-bg_glass_65_ffffff_1x400.png]
[code.jquery.com/ui/1.11.0/themes/smoothness/images/ui-bg_glass_55_fbf9ee_1x400.png]
[code.jquery.com/ui/1.11.0/themes/smoothness/images/ui-bg_glass_95_fef1ec_1x400.png]
[code.jquery.com/ui/1.11.0/themes/smoothness/images/ui-icons_222222_256x240.png]
[code.jquery.com/ui/1.11.0/themes/smoothness/images/ui-icons_888888_256x240.png]
[code.jquery.com/ui/1.11.0/themes/smoothness/images/ui-icons_454545_256x240.png]
[code.jquery.com/ui/1.11.0/themes/smoothness/images/ui-icons_2e83ff_256x240.png]
[code.jquery.com/ui/1.11.0/themes/smoothness/images/ui-icons_cd0a0a_256x240.png]
[code.jquery.com/ui/1.11.0/themes/smoothness/images/ui-bg_flat_0_aaaaaa_40x100.png]
[code.jquery.com/ui/1.11.0/themes/smoothness/jquery-ui.css]
[codemirror.net/5/mode/sql/indexca7d.html]
[codemirror.net/5/mode/sql/indexf2f2.html]
[codemirror.net/5/mode/sql/index228f.html]
[codemirror.net/5/mode/sql/index1e08.html]
[codemirror.net/5/mode/sql/index10de.html]
[codemirror.net/5/mode/sql/index494b-2.html]
[codemirror.net/5/mode/sql/index4f89.html]
[codemirror.net/5/mode/sql/indexe540.html]
[codemirror.net/5/mode/sql/index9e60.html]
[codemirror.net/5/mode/sql/index3816.html]
[codemirror.net/5/mode/sql/indexc3f7.html]
[codemirror.net/5/mode/sql/indexbcc2.html]
[codemirror.net/5/mode/sql/indexd571.html]
[codemirror.net/5/mode/sql/indexbe5c.html]
[codemirror.net/5/mode/tiddlywiki/tiddlywiki.css]
[codemirror.net/5/mode/tiki/tiki.css]
[codemirror.net/5/mode/sql/indexca7d-2.html]
[codemirror.net/5/mode/sql/indexf2f2-2.html]
[codemirror.net/5/mode/sql/index228f-2.html]
[codemirror.net/5/mode/sql/index1e08-2.html]
[codemirror.net/5/mode/sql/index10de-2.html]
[codemirror.net/5/mode/sql/index4f89-2.html]
[codemirror.net/5/mode/sql/indexe540-2.html]
[codemirror.net/5/mode/sql/index9e60-2.html]
[codemirror.net/5/mode/sql/index3816-2.html]
[codemirror.net/5/mode/sql/indexc3f7-2.html]
[codemirror.net/5/mode/sql/indexbcc2-2.html]
[codemirror.net/5/mode/sql/indexd571-2.html]
[codemirror.net/5/mode/sql/indexbe5c-2.html]
[codemirror.net/5/addon/comment/index.html]
[codemirror.net/5/addon/dialog/index.html]
[codemirror.net/5/addon/display/index.html]
[codemirror.net/5/addon/edit/index.html]
[codemirror.net/5/addon/hint/index.html]
[codemirror.net/5/addon/lint/index.html]
[codemirror.net/5/addon/merge/index.html]
[codemirror.net/5/addon/mode/index.html]
[codemirror.net/5/addon/runmode/index.html]
[codemirror.net/5/addon/scroll/index.html]
[codemirror.net/5/addon/search/index.html]
[codemirror.net/5/addon/selection/index.html]
[codemirror.net/5/addon/lint/yaml-lint.js]
[codemirror.net/5/addon/tern/index.html]
[codemirror.net/5/addon/wrap/index.html]
[codemirror.net/5/addon/tern/worker.js]
[codemirror.net/5/demo/widget.html]
[codemirror.net/5/story.html]
[codemirror.net/5/test/mode_test.css]
[github.githubassets.com/assets/progressive-disclosure-line-7908f33fc4c6.svg]
[github.githubassets.com/assets/progressive-disclosure-line-dark-b31a1fc5e932.svg]
[github.githubassets.com/assets/octocat-spinner-darkmode-621ec25df5e9.svg]
[github.githubassets.com/assets/octocat-spinner-lightmode-3ac6fd33ead5.svg]
[github.githubassets.com/assets/rules-promo-banner-light-mobile-915fa9def8af.svg]
[github.githubassets.com/assets/rules-promo-banner-light-f2faab0aacee.svg]
[github.githubassets.com/assets/rules-promo-banner-dark-mobile-907c0c4a458d.svg]
[github.githubassets.com/assets/rules-promo-banner-dark-51278c312ec0.svg]
[cdnjs.cloudflare.com/ajax/libs/jshint/2.9.5/jshint.min.js]
